中间数据集/按品类的日粒度时序数据集/食用菌.csv
日期,销量(千克),销售单价(元/千克),批发价格(元/千克),损耗率_品类,成本加成定价
2021-03-16,44.844,10.735416666666666,6.749791666666667,9.45,10.355520833333332
2021-03-17,44.028999999999996,10.969902912621361,7.280291262135923,9.45,10.81888349514563
2021-03-18,65.501,9.93046875,6.0540625,9.45,9.7690625
2021-03-19,69.141,12.557500000000001,7.8189375,9.45,12.387671874999999
2021-03-20,77.235,11.976344086021506,7.336021505376344,9.45,11.67856182795699
2021-03-21,94.838,10.301648351648351,6.161263736263736,9.45,9.873791208791209
2021-03-22,50.802,11.148695652173913,6.77295652173913,9.45,10.777673913043477
2021-03-23,48.174,11.29607843137255,6.7851960784313725,9.45,10.83375
2021-03-24,35.583,12.589156626506025,7.889156626506024,9.45,12.298343373493974
2021-03-25,46.89,12.304716981132074,7.637830188679246,9.45,11.927382075471698
2021-03-26,83.562,10.581132075471698,6.918553459119496,9.45,10.255062893081762
2021-03-27,69.658,10.790506329113924,7.2274050632911395,9.45,10.451677215189873
2021-03-28,55.673,10.762204724409449,7.072047244094488,9.45,10.371633858267716
2021-03-29,47.327,10.80841121495327,7.315794392523364,9.45,10.570070093457943
2021-03-30,32.145,11.464285714285714,7.987142857142857,9.45,11.334136904761905
2021-03-31,45.089,10.453398058252427,7.105922330097087,9.45,10.200703883495144
2021-04-01,48.978,11.398360655737704,7.610573770491803,9.45,11.204118852459017
2021-04-02,72.574,10.950000000000001,7.326111111111111,9.45,10.524212962962963
2021-04-03,75.739,12.492307692307692,7.955274725274725,9.45,12.099134615384616
2021-04-04,61.709,11.577564102564102,7.175256410256409,9.45,11.233301282051283
2021-04-05,68.049,10.796969696969697,6.770424242424242,9.45,10.673363636363636
2021-04-06,11.671,13.248571428571429,8.498571428571429,9.45,13.146857142857142
2021-04-07,47.805,11.24491525423729,7.339322033898305,9.45,11.15584745762712
2021-04-08,35.491,12.342105263157896,7.7602631578947365,9.45,12.112631578947367
2021-04-09,31.401,12.753086419753087,8.16358024691358,9.45,12.649783950617284
2021-04-10,60.287,12.065986394557823,7.728911564625851,9.45,11.974472789115646
2021-04-11,52.29,11.740157480314961,7.453464566929134,9.45,11.57988188976378
2021-04-12,43.328,11.754444444444445,7.016777777777778,9.45,11.359416666666666
2021-04-13,40.041,10.614285714285714,6.7840476190476195,9.45,10.505029761904762
2021-04-14,41.387,11.189361702127659,7.142021276595745,9.45,11.120744680851063
2021-04-15,40.15,12.332673267326731,7.953069306930693,9.45,12.274678217821783
2021-04-16,47.162,11.22843137254902,7.332058823529412,9.45,11.147083333333335
2021-04-17,70.81700000000001,10.428025477707006,7.1659235668789805,9.45,10.329570063694268
2021-04-18,56.607,10.49189189189189,7.241216216216216,9.45,10.433496621621622
2021-04-19,36.293,12.19514563106796,7.8925242718446595,9.45,12.139150485436893
2021-04-20,37.651,11.78921568627451,8.280196078431374,9.45,11.69563725490196
2021-04-21,31.173000000000002,11.032051282051283,7.9260256410256416,9.45,10.902596153846154
2021-04-22,40.04,8.771604938271604,6.028148148148148,9.45,8.618364197530864
2021-04-23,49.109,11.91150442477876,7.59141592920354,9.45,11.660597345132743
2021-04-24,78.6,12.040883977900553,7.713149171270718,9.45,12.002113259668509
2021-04-25,37.692,9.980898876404494,6.296067415730337,9.45,9.958483146067415
2021-04-26,37.392,10.689285714285713,6.804166666666666,9.45,10.61547619047619
2021-04-27,26.08,12.737662337662337,8.07,9.45,12.637824675324676
2021-04-28,33.609,12.871764705882352,8.399764705882353,9.45,12.69520588235294
2021-04-29,32.548,12.185057471264367,7.980919540229886,9.45,12.105488505747127
2021-04-30,34.271,12.451470588235296,7.780147058823529,9.45,12.099669117647059
2021-05-01,50.81,14.346666666666666,9.105166666666667,9.45,14.1889375
2021-05-03,54.995,10.565254237288135,6.67906779661017,9.45,10.346398305084746
2021-05-04,42.643,12.268807339449541,7.88302752293578,9.45,12.243669724770642
2021-05-05,60.989,14.566459627329191,9.53031055900621,9.45,14.541180124223603
2021-05-06,30.192,13.705494505494507,8.690219780219781,9.45,13.468296703296703
2021-05-07,33.543,11.608536585365853,7.390121951219513,9.45,11.423689024390244
2021-05-08,33.331,12.202173913043477,8.514565217391304,9.45,12.199130434782608
2021-05-09,44.849000000000004,13.3408,8.5852,9.45,13.29214
2021-05-10,26.427,13.175342465753424,8.454520547945206,9.45,13.082260273972603
2021-05-11,29.889,12.610752688172042,8.059569892473117,9.45,12.561075268817206
2021-05-12,31.02,11.128571428571428,6.899047619047619,9.45,10.914345238095239
2021-05-13,29.537,12.722093023255812,8.057441860465117,9.45,12.526453488372095
2021-05-14,29.278,13.35392156862745,8.487941176470589,9.45,13.13029411764706
2021-05-15,49.932,13.102205882352942,8.32970588235294,9.45,12.917444852941177
2021-05-16,51.103,12.91203007518797,8.250977443609024,9.45,12.81684210526316
2021-05-17,25.733,13.166279069767441,8.26313953488372,9.45,12.960668604651163
2021-05-18,29.45,13.254022988505746,8.576206896551724,9.45,13.043275862068967
2021-05-19,28.798000000000002,13.095505617977528,8.131348314606742,9.45,12.731685393258426
2021-05-20,35.447,13.130188679245283,8.225471698113207,9.45,12.684504716981131
2021-05-21,43.516,14.1208,8.85248,9.45,13.80612
2021-05-22,45.209,13.236363636363636,8.23439393939394,9.45,12.851590909090909
2021-05-23,62.384,12.087012987012988,7.491948051948052,9.45,11.734756493506493
2021-05-24,29.627,14.076842105263157,9.10021052631579,9.45,13.713184210526316
2021-05-25,35.047,12.720588235294118,8.073529411764707,9.45,12.419950980392157
2021-05-26,31.969,10.78918918918919,6.5237837837837835,9.45,10.265033783783784
2021-05-27,19.574,8.886046511627908,5.631860465116279,9.45,8.413023255813954
2021-05-28,28.172,12.647126436781608,8.159310344827587,9.45,12.297471264367818
2021-05-29,35.882,11.75257731958763,7.331443298969072,9.45,11.468994845360825
2021-05-30,33.492,13.53482142857143,8.850446428571429,9.45,13.332299107142857
2021-05-31,34.114,13.235,8.655700000000001,9.45,13.105875000000001
2021-06-01,33.668,14.433,9.4495,9.45,14.276299999999999
2021-06-02,43.528,12.563333333333333,8.266833333333333,9.45,12.4731875
2021-06-03,48.365,13.978703703703705,9.18462962962963,9.45,13.879421296296297
2021-06-04,47.048,11.18953488372093,7.69953488372093,9.45,11.045203488372094
2021-06-05,42.32,9.547311827956989,7.0280645161290325,9.45,9.329489247311828
2021-06-06,32.745,12.457446808510639,8.165638297872341,9.45,11.975425531914894
2021-06-07,27.872,12.85061728395062,8.170740740740742,9.45,12.599598765432098
2021-06-08,28.108,13.57391304347826,9.104673913043479,9.45,13.463885869565217
2021-06-09,31.399,14.512500000000001,9.285729166666666,9.45,14.374270833333334
2021-06-10,29.393,13.245054945054944,9.462637362637363,9.45,13.160604395604397
2021-06-11,25.579,14.151960784313726,10.029313725490196,9.45,14.021299019607842
2021-06-12,61.009,13.877248677248678,9.727989417989418,9.45,13.699748677248678
2021-06-13,74.602,13.798214285714286,9.567901785714286,9.45,13.722243303571428
2021-06-14,56.049,13.25625,8.751079545454546,9.45,13.153735795454544
2021-06-15,31.346,11.931111111111111,7.646777777777778,9.45,11.780305555555556
2021-06-16,29.826,11.879746835443038,6.985569620253164,9.45,11.678006329113924
2021-06-17,22.835,13.78108108108108,8.360135135135135,9.45,13.687466216216215
2021-06-18,29.867,13.012359550561797,7.904382022471911,9.45,12.77811797752809
2021-06-19,39.484,13.338938053097344,8.605575221238938,9.45,13.320442477876107
2021-06-20,38.578,15.239230769230769,9.845769230769232,9.45,15.208
2021-06-21,24.224,14.74705882352941,10.041176470588235,9.45,14.742823529411766
2021-06-22,29.299,13.261445783132531,8.698915662650602,9.45,13.258915662650603
2021-06-23,32.793,13.878181818181817,9.342545454545455,9.45,13.820500000000001
2021-06-24,31.747,13.227272727272727,8.925656565656565,9.45,13.18861111111111
2021-06-25,32.537,14.23,9.4212,9.45,14.222999999999999
2021-06-26,47.402,13.246496815286623,9.444968152866242,9.45,13.184203821656052
2021-06-27,49.14,14.657894736842104,10.36654970760234,9.45,14.63093567251462
2021-06-28,33.153,14.353097345132744,9.73920353982301,9.45,14.311216814159293
2021-06-29,26.399,13.781609195402298,10.063563218390804,9.45,13.730689655172412
2021-06-30,41.537,13.081355932203389,8.88364406779661,9.45,12.989872881355932
2021-07-01,32.65,14.324489795918367,9.519183673469387,9.45,14.218086734693877
2021-07-02,34.247,14.080898876404495,9.16876404494382,9.45,14.00623595505618
2021-07-03,66.849,15.081159420289856,10.092608695652174,9.45,14.983140096618358
2021-07-04,44.466,14.296899224806202,9.472945736434108,9.45,14.175213178294573
2021-07-05,40.491,14.626446280991734,9.872479338842975,9.45,14.559276859504132
2021-07-06,36.365,16.33076923076923,10.22102564102564,9.45,16.05482905982906
2021-07-07,26.099,15.34315789473684,10.246842105263159,9.45,15.07136842105263
2021-07-08,34.071,13.942222222222222,8.413777777777778,9.45,13.481055555555557
2021-07-09,26.496,14.234177215189874,8.256075949367089,9.45,13.961677215189875
2021-07-10,41.077,14.212820512820514,8.254358974358974,9.45,14.017564102564103
2021-07-11,38.382,12.522448979591838,7.3455102040816325,9.45,12.288316326530614
2021-07-12,24.080000000000002,12.225531914893617,6.982978723404255,9.45,11.91148936170213
2021-07-13,18.59,14.403571428571428,8.11517857142857,9.45,13.900089285714285
2021-07-14,43.512,14.463333333333335,8.643916666666666,9.45,13.973395833333333
2021-07-15,29.008,14.0056338028169,8.647605633802817,9.45,13.719225352112675
2021-07-16,47.644,15.347826086956522,9.183391304347825,9.45,15.002434782608695
2021-07-17,46.115,14.006081081081081,8.753648648648648,9.45,13.901385135135133
2021-07-18,43.166,14.3168,8.756639999999999,9.45,14.09016
2021-07-19,40.629,13.293684210526317,8.408315789473685,9.45,13.180657894736841
2021-07-20,27.025,14.636363636363637,9.08840909090909,9.45,14.531363636363636
2021-07-21,35.828,14.14,8.825,9.45,13.969599999999998
2021-07-22,31.031,13.811494252873562,8.510919540229883,9.45,13.618362068965515
2021-07-23,28.61,16.084313725490198,9.742254901960784,9.45,15.86816176470588
2021-07-24,35.038,16.94363636363636,9.729636363636363,9.45,16.648227272727272
2021-07-25,36.532000000000004,16.908527131782947,10.371937984496125,9.45,16.696027131782945
2021-07-26,30.861,17.20277777777778,10.597777777777777,9.45,17.06423611111111
2021-07-27,29.008,16.777083333333334,10.2228125,9.45,16.605364583333333
2021-07-28,35.805,14.963000000000001,9.3008,9.45,14.81825
2021-07-29,26.28,17.011764705882353,10.745411764705883,9.45,16.877676470588234
2021-07-30,28.865,17.948387096774194,10.850752688172044,9.45,17.80989247311828
2021-07-31,44.567,14.063865546218489,8.534285714285714,9.45,13.966806722689075
2021-08-01,42.984,15.459285714285716,9.450357142857143,9.45,15.362035714285714
2021-08-02,57.648,17.093055555555555,10.40201388888889,9.45,17.00421875
2021-08-03,42.284,18.462307692307693,11.289,9.45,18.400115384615383
2021-08-04,50.028,17.00945945945946,10.38222972972973,9.45,16.899358108108107
2021-08-05,58.355,15.652258064516129,9.706000000000001,9.45,15.593483870967743
2021-08-06,51.397,16.2635761589404,10.085231788079469,9.45,16.217152317880796
2021-08-07,53.974,16.108641975308643,10.172716049382716,9.45,15.94608024691358
2021-08-08,57.351,14.555414012738856,9.40828025477707,9.45,14.383980891719744
2021-08-09,41.987,17.3634328358209,11.20365671641791,9.45,17.296119402985077
2021-08-10,39.23,15.917543859649124,10.303684210526315,9.45,15.799978070175438
2021-08-11,44.244,16.526446280991735,10.387355371900828,9.45,16.43642561983471
2021-08-12,52.211,16.54895104895105,10.513216783216784,9.45,16.49361888111888
2021-08-13,57.871,15.176470588235293,9.66156862745098,9.45,15.14591503267974
2021-08-14,74.363,17.866816143497758,11.49255605381166,9.45,17.848318385650224
2021-08-15,61.545,15.12792207792208,9.233311688311689,9.45,14.601834415584415
2021-08-17,57.879,15.659459459459459,9.375067567567568,9.45,15.280016891891893
2021-08-18,38.636,16.872380952380954,10.464761904761904,9.45,16.821833333333334
2021-08-19,35.688,16.32843137254902,9.94107843137255,9.45,16.098848039215685
2021-08-20,42.358,16.586111111111112,10.074537037037036,9.45,16.422361111111112
2021-08-22,60.822,19.017475728155343,11.90378640776699,9.45,19.017475728155343
2021-08-23,40.53,16.845454545454544,10.154297520661158,9.45,16.59987603305785
2021-08-24,43.365,16.857142857142858,10.154033613445378,9.45,16.593802521008403
2021-08-25,34.177,16.43936170212766,9.496914893617022,9.45,16.121489361702128
2021-08-26,49.747,17.16014492753623,10.021521739130435,9.45,16.817391304347826
2021-08-27,61.288,14.616455696202532,8.910759493670886,9.45,14.380632911392404
2021-08-28,61.493,15.297814207650273,9.399016393442622,9.45,15.12127049180328
2021-08-29,65.999,15.193939393939393,9.456,9.45,15.025530303030303
2021-08-30,47.989,14.94251968503937,9.120629921259843,9.45,14.67
2021-08-31,42.531,14.175590551181102,8.626141732283465,9.45,13.938307086614175
2021-09-01,61.883,13.035251798561152,7.809712230215827,9.45,12.758705035971223
2021-09-02,40.494,14.66822429906542,8.949532710280375,9.45,14.465210280373833
2021-09-03,46.246,15.0816,9.065280000000001,9.45,14.796479999999999
2021-09-04,78.639,15.773660714285715,9.64857142857143,9.45,15.565279017857142
2021-09-05,74.857,16.666055045871563,10.332293577981652,9.45,16.520733944954127
2021-09-06,37.744,15.312264150943397,9.11433962264151,9.45,14.948443396226416
2021-09-07,44.438,14.624390243902441,8.829105691056911,9.45,14.373617886178863
2021-09-08,42.227,13.811214953271028,8.20607476635514,9.45,13.524392523364487
2021-09-09,41.432,14.922727272727272,8.956272727272728,9.45,14.60884090909091
2021-09-10,35.582,16.159615384615385,9.844134615384615,9.45,15.911923076923078
2021-09-11,62.394,14.876219512195124,9.15579268292683,9.45,14.689512195121951
2021-09-12,57.278,14.605921052631578,8.921710526315788,9.45,14.399917763157895
2021-09-13,31.415,17.301941747572815,10.503592233009707,9.45,16.937815533980583
2021-09-14,35.185,15.673267326732674,9.551188118811881,9.45,15.511683168316834
2021-09-15,35.282,15.417525773195877,9.393711340206186,9.45,15.286752577319588
2021-09-16,38.913000000000004,14.610309278350515,8.783505154639176,9.45,14.54868556701031
2021-09-17,33.650999999999996,14.703333333333333,9.528666666666666,9.45,14.593333333333334
2021-09-18,41.645,14.332038834951456,9.342233009708737,9.45,14.218325242718446
2021-09-19,112.917,15.84448160535117,9.808795986622073,9.45,15.775652173913043
2021-09-20,92.06700000000001,15.777862595419847,9.588854961832062,9.45,15.710801526717555
2021-09-21,80.697,15.257211538461538,9.32423076923077,9.45,15.203629807692305
2021-09-22,36.948,13.727659574468086,8.411702127659575,9.45,13.632606382978723
2021-09-23,33.308,15.026136363636363,9.243863636363637,9.45,14.95090909090909
2021-09-24,40.365,14.591578947368422,8.511157894736842,9.45,14.264631578947368
2021-09-25,38.452,14.833333333333334,8.662952380952381,9.45,14.512
2021-09-26,27.192,14.979411764705883,8.986029411764704,9.45,14.935294117647057
2021-09-27,12.762,17.02820512820513,10.221282051282051,9.45,16.966666666666665
2021-09-28,21.671,15.159615384615385,9.113653846153847,9.45,15.113461538461536
2021-09-29,15.119,17.41627906976744,10.934186046511627,9.45,17.416279069767445
2021-09-30,22.234,15.884905660377358,10.30566037735849,9.45,15.884905660377356
2021-10-01,43.638,18.53076923076923,12.049090909090909,9.45,18.530769230769227
2021-10-02,38.088,17.14752475247525,11.152772277227724,9.45,17.147524752475245
2021-10-03,43.27,15.770103092783506,10.192268041237114,9.45,15.770103092783502
2021-10-04,38.497,16.273469387755103,10.559591836734693,9.45,16.2734693877551
2021-10-05,33.255,14.727027027027026,9.494594594594595,9.45,14.672027027027024
2021-10-06,55.723,15.299382716049383,10.972160493827161,9.45,15.298070987654324
2021-10-07,45.794,14.871900826446282,10.426198347107437,9.45,14.871900826446282
2021-10-08,49.062,15.212500000000002,10.672291666666666,9.45,15.212500000000002
2021-10-09,33.339999999999996,15.707058823529414,9.832235294117647,9.45,15.707058823529414
2021-10-10,77.621,15.246236559139787,9.543333333333333,9.45,15.243951612903226
2021-10-11,26.96,11.207317073170731,6.546829268292683,9.45,11.207317073170735
2021-10-12,38.769,13.52,8.4788,9.45,13.52
2021-10-13,39.51,14.972619047619048,9.385595238095238,9.45,14.968958333333333
2021-10-14,28.438,16.654430379746834,10.440253164556962,9.45,16.65006329113924
2021-10-15,84.89,14.730714285714287,9.251142857142858,9.45,14.730714285714287
2021-10-16,73.514,15.400671140939599,8.986912751677853,9.45,15.400671140939599
2021-10-17,65.816,16.8,10.358765432098766,9.45,16.7070987654321
2021-10-18,30.066,15.003030303030304,9.247878787878788,9.45,14.872727272727273
2021-10-19,32.2,15.565333333333335,9.721066666666667,9.45,15.559333333333335
2021-10-20,41.794,14.725555555555555,9.313333333333334,9.45,14.721694444444445
2021-10-21,38.753,12.79076923076923,8.061692307692308,9.45,12.682615384615385
2021-10-22,40.039,14.58780487804878,8.764146341463414,9.45,14.546463414634145
2021-10-23,87.828,12.236312849162012,9.781284916201116,9.45,12.236312849162012
2021-10-24,55.632,12.305172413793104,7.9126724137931035,9.45,12.305172413793102
2021-10-25,46.731,12.418367346938776,8.138367346938777,9.45,12.418367346938776
2021-10-26,48.637,12.859649122807017,8.463421052631578,9.45,12.859649122807015
2021-10-27,35.369,13.355555555555556,8.730555555555556,9.45,13.355555555555556
2021-10-28,31.659,13.971264367816092,9.24022988505747,9.45,13.971264367816092
2021-10-29,47.926,11.760000000000002,8.640869565217391,9.45,11.760000000000002
2021-10-30,79.731,11.480357142857143,7.5232738095238085,9.45,11.480357142857143
2021-10-31,75.305,12.252247191011236,7.915168539325842,9.45,12.177598314606742
2021-11-01,40.999,12.028735632183908,7.639655172413793,9.45,11.967643678160918
2021-11-02,49.667,11.628846153846155,7.0,9.45,11.548149038461538
2021-11-03,82.957,9.67231638418079,6.305988700564972,9.45,9.652175141242937
2021-11-04,61.122,11.515189873417722,6.845443037974683,9.45,11.497041139240508
