中间数据集/按品类的日粒度时序数据集/食用菌.csv
日期,销量(千克),销售单价(元/千克),批发价格(元/千克),损耗率_品类,成本加成定价
2022-07-05,50.367,10.283750000000001,7.545624999999999,9.45,10.283750000000001
2022-07-06,32.226,12.05,8.985000000000001,9.45,12.05
2022-07-07,29.189,12.141935483870968,9.180483870967741,9.45,12.141935483870968
2022-07-08,49.425,8.501449275362319,6.67304347826087,9.45,8.485507246376812
2022-07-09,55.629,10.957291666666668,7.835208333333333,9.45,10.596145833333333
2022-07-10,80.418,8.245535714285714,6.341696428571429,9.45,8.245535714285715
2022-07-11,55.108,9.911111111111111,6.8677777777777775,9.45,9.911111111111111
2022-07-12,27.869,15.035820895522388,10.362388059701493,9.45,15.035820895522388
2022-07-13,63.603,9.311458333333333,6.5995833333333325,9.45,9.311458333333333
2022-07-14,44.709,12.842857142857142,8.968809523809524,9.45,12.842857142857142
2022-07-15,66.136,10.796694214876034,7.591487603305786,9.45,10.658925619834712
2022-07-16,89.471,10.103472222222223,7.159791666666667,9.45,10.07263888888889
2022-07-17,73.67099999999999,12.634265734265735,8.884895104895104,9.45,12.59708041958042
2022-07-18,52.193,10.53875,7.65275,9.45,10.53875
2022-07-19,44.352,12.470408163265308,9.23091836734694,9.45,12.314311224489796
2022-07-20,37.088,13.984415584415585,10.373246753246754,9.45,13.867500000000001
2022-07-21,43.486,10.913483146067417,7.76314606741573,9.45,10.39376404494382
2022-07-22,60.678,9.766019417475729,6.814174757281553,9.45,9.270679611650486
2022-07-23,101.743,8.922424242424242,6.38878787878788,9.45,8.772727272727273
2022-07-24,67.64,10.942748091603054,7.711603053435114,9.45,10.479064885496182
2022-07-25,66.315,9.120618556701032,6.889175257731959,9.45,9.0884793814433
2022-07-26,59.465,10.19795918367347,7.68530612244898,9.45,10.09326530612245
2022-07-27,58.869,9.600961538461538,7.127211538461538,9.45,9.548221153846153
2022-07-28,69.521,11.569811320754718,7.236415094339622,9.45,11.539669811320756
2022-07-29,52.634,12.703157894736842,8.014842105263158,9.45,12.660105263157895
2022-07-30,86.456,11.615748031496063,7.539448818897638,9.45,11.530236220472442
2022-07-31,98.219,9.653623188405797,6.374782608695653,9.45,9.486050724637682
2022-08-01,36.451,13.840476190476192,8.780595238095238,9.45,13.664642857142857
2022-08-02,57.276,11.33695652173913,7.755108695652174,9.45,11.312173913043479
2022-08-03,76.332,9.405128205128205,6.165897435897436,9.45,9.298504273504273
2022-08-04,81.526,10.246341463414634,6.645203252032521,9.45,10.074247967479675
2022-08-05,66.543,9.690000000000001,6.683727272727273,9.45,9.575181818181818
2022-08-06,91.924,10.33503184713376,6.924331210191082,9.45,10.188535031847135
2022-08-07,105.113,8.469078947368422,5.784539473684211,9.45,8.315230263157895
2022-08-08,87.266,9.88768115942029,6.57268115942029,9.45,9.730235507246377
2022-08-09,77.1,9.493650793650794,6.357698412698413,9.45,9.328551587301588
2022-08-10,39.034,16.85056179775281,10.66438202247191,9.45,16.65182584269663
2022-08-11,68.93900000000001,9.134513274336284,6.278849557522124,9.45,9.006991150442479
2022-08-12,60.39,10.854347826086956,6.877608695652174,9.45,10.621195652173913
2022-08-13,72.19,11.76830985915493,7.86943661971831,9.45,11.724049295774648
2022-08-14,87.77,10.943023255813953,7.373720930232558,9.45,10.905232558139534
2022-08-15,67.468,10.68235294117647,7.934338235294117,9.45,10.66639705882353
2022-08-16,71.408,12.50431654676259,8.03294964028777,9.45,12.469640287769785
2022-08-17,66.376,11.895348837209303,7.978527131782946,9.45,11.891046511627907
2022-08-18,84.219,11.359701492537313,7.247910447761194,9.45,11.305839552238806
2022-08-19,91.655,11.334437086092715,6.9884768211920525,9.45,11.03657284768212
2022-08-20,70.643,10.29915254237288,6.595762711864407,9.45,10.19417372881356
2022-08-21,72.191,10.632307692307693,6.920769230769231,9.45,10.507807692307694
2022-08-22,47.201,9.11625,6.440375,9.45,9.03953125
2022-08-23,48.094,9.191764705882353,6.649882352941177,9.45,9.132794117647059
2022-08-24,59.056,10.264150943396226,7.153018867924528,9.45,10.207004716981134
2022-08-25,41.528,12.973333333333334,8.305111111111112,9.45,12.875555555555556
2022-08-26,73.827,9.75263157894737,7.11015037593985,9.45,9.202086466165413
2022-08-27,68.656,13.646710526315792,9.17625,9.45,13.54310855263158
2022-08-28,71.953,12.694642857142856,8.222589285714285,9.45,12.635535714285714
2022-08-29,74.182,9.050862068965518,6.182241379310344,9.45,8.822974137931034
2022-08-30,33.987,17.322222222222223,11.3510101010101,9.45,17.255555555555556
2022-08-31,30.29,11.941666666666668,8.150555555555556,9.45,11.85798611111111
2022-09-01,58.419,15.241463414634147,9.33219512195122,9.45,15.04660569105691
2022-09-02,61.119,12.695867768595042,8.435537190082645,9.45,12.593719008264463
2022-09-03,77.887,14.240645161290324,9.103741935483871,9.45,13.81624193548387
2022-09-04,87.775,14.800552486187845,9.214309392265193,9.45,13.903867403314917
2022-09-05,47.452,14.26063829787234,9.170425531914894,9.45,13.386515957446809
2022-09-06,40.62,14.9875,10.608522727272726,9.45,14.823295454545455
2022-09-07,44.356,13.292222222222222,9.735666666666667,9.45,13.122777777777777
2022-09-08,62.072,12.072727272727272,8.706909090909091,9.45,12.067954545454546
2022-09-09,103.568,12.653714285714287,8.586171428571427,9.45,12.613571428571431
2022-09-10,114.942,15.011702127659577,8.794734042553191,9.45,14.586702127659576
2022-09-11,92.33,16.433689839572192,10.510160427807486,9.45,16.114986631016045
2022-09-12,98.587,16.384408602150536,9.42005376344086,9.45,15.300779569892473
2022-09-13,68.334,15.3376,9.61088,9.45,14.66942
2022-09-14,53.107,14.287368421052632,9.716842105263158,9.45,14.126526315789473
2022-09-15,56.663000000000004,13.607777777777779,8.515777777777778,9.45,13.392027777777779
2022-09-16,74.425,13.564615384615385,9.161461538461538,9.45,13.353423076923079
2022-09-17,90.05,17.641899441340783,10.526256983240224,9.45,17.107974860335197
2022-09-18,80.373,17.21551724137931,10.315114942528735,9.45,16.564396551724137
2022-09-19,30.316,17.335,9.667166666666667,9.45,16.238875
2022-09-20,47.235,16.817821782178218,9.62960396039604,9.45,15.978341584158416
2022-09-21,46.791,15.604494382022473,9.548651685393258,9.45,15.451460674157303
2022-09-22,50.943,16.07281553398058,9.769029126213592,9.45,15.75242718446602
2022-09-23,87.179,13.618881118881118,8.477482517482517,9.45,13.498758741258742
2022-09-24,101.607,12.235428571428573,7.452400000000001,9.45,12.070514285714287
2022-09-25,118.404,13.663181818181819,8.900818181818181,9.45,13.51390909090909
2022-09-26,58.142,13.3625,7.9721153846153845,9.45,12.564375
2022-09-27,37.499,13.8,8.413432835820895,9.45,13.695261194029852
2022-09-28,53.384,13.456190476190477,8.162857142857144,9.45,13.128333333333332
2022-09-29,44.333,12.947191011235955,7.67808988764045,9.45,12.318426966292133
2022-09-30,53.895,12.59909090909091,8.324363636363637,9.45,12.469022727272726
2022-10-01,122.01,11.549537037037036,7.227546296296297,9.45,11.364537037037037
2022-10-02,91.23,13.430054644808742,8.389562841530054,9.45,12.910806010928964
2022-10-03,81.68900000000001,13.505847953216374,8.41345029239766,9.45,13.07201754385965
2022-10-04,117.054,13.34977375565611,8.381131221719457,9.45,12.879411764705882
2022-10-05,87.491,14.36020942408377,8.682879581151832,9.45,13.789201570680628
2022-10-07,154.165,12.054981549815498,7.9704059040590405,9.45,11.75530442804428
2022-10-08,108.094,11.505405405405405,7.296648648648648,9.45,11.153094594594593
2022-10-09,121.547,11.642600896860987,7.58677130044843,9.45,11.304966367713005
2022-10-10,103.327,11.362941176470589,7.248647058823529,9.45,10.970720588235295
2022-10-11,89.443,10.296551724137931,6.722344827586207,9.45,9.947741379310346
2022-10-12,82.773,11.374796747967482,7.362439024390243,9.45,11.279105691056913
2022-10-13,70.046,11.647272727272728,7.332636363636364,9.45,11.301522727272728
2022-10-14,65.579,9.970588235294118,6.729803921568628,9.45,9.881176470588237
2022-10-17,104.537,9.660465116279068,6.742441860465116,9.45,9.46892441860465
2022-10-19,105.856,8.914285714285715,5.547142857142857,9.45,8.722178571428572
2022-10-20,88.041,9.599242424242423,6.095378787878788,9.45,9.390719696969697
2022-10-22,157.648,9.05130890052356,5.708272251308901,9.45,8.372408376963351
2022-10-23,152.181,8.427941176470588,5.674950980392157,9.45,8.212156862745099
2022-10-24,85.05,8.316393442622951,5.71983606557377,9.45,8.166229508196722
2022-10-25,89.459,8.894656488549618,6.294274809160305,9.45,8.836984732824428
2022-10-26,104.795,7.7678082191780815,5.699452054794521,9.45,7.736061643835616
2022-10-27,116.582,9.625,6.901722222222222,9.45,9.570236111111111
2022-10-31,60.844,9.119318181818182,6.172386363636364,9.45,8.930738636363635
2022-11-01,96.659,8.057251908396946,5.747404580152671,9.45,7.991870229007633
2022-11-03,120.855,9.221229050279328,6.239832402234637,9.45,8.972304469273743
2022-11-07,86.0,9.233076923076922,6.20776923076923,9.45,9.06123076923077
2022-11-08,82.087,8.903125,5.94109375,9.45,8.6934375
2022-11-09,68.901,8.18041237113402,5.3775257731958765,9.45,7.759484536082474
2022-11-10,74.627,5.32183908045977,3.2088505747126437,9.45,4.932758620689655
2022-11-11,163.552,5.9323383084577115,3.784676616915423,9.45,5.6843407960199
2022-11-14,99.074,8.165986394557823,4.837891156462585,9.45,7.844693877551021
2022-11-15,102.92,8.110526315789473,4.927763157894737,9.45,7.875180921052633
2022-11-16,92.695,8.672027972027971,5.236293706293706,9.45,8.45076923076923
2022-11-17,90.18,8.766206896551724,5.283931034482758,9.45,8.492137931034483
2022-11-18,153.087,8.575210084033614,5.1123529411764705,9.45,8.293193277310925
2022-11-20,156.828,7.553488372093023,4.614883720930232,9.45,7.375093023255814
2022-11-22,36.489,8.395833333333334,4.579375,9.45,7.947343750000001
2022-11-23,68.562,7.595348837209303,4.100348837209302,9.45,7.0569186046511625
2022-11-24,43.262,10.554285714285713,5.5001428571428574,9.45,9.558821428571427
2022-11-25,32.969,10.183333333333334,5.305625,9.45,9.206822916666667
2022-11-27,8.596,8.924999999999999,4.109166666666667,9.45,7.079583333333333
2022-11-28,3.012,10.559999999999999,8.552,9.45,9.73
2022-11-29,8.283,9.4625,5.0625,9.45,7.856250000000001
2022-12-06,98.62,9.963398692810458,6.247581699346405,9.45,9.942483660130717
2022-12-07,124.352,9.209142857142856,5.4456,9.45,8.947828571428571
2022-12-08,82.678,9.554761904761905,6.0436507936507935,9.45,9.455436507936508
2022-12-09,71.484,9.479611650485436,5.942621359223302,9.45,9.329781553398059
2022-12-10,149.336,9.04611650485437,5.425194174757281,9.45,8.610242718446601
2022-12-11,144.333,9.091919191919192,5.6702525252525255,9.45,8.756414141414142
2022-12-12,85.722,9.044799999999999,5.82736,9.45,8.73822
2022-12-13,91.195,8.353658536585366,5.371869918699187,9.45,8.066727642276422
2022-12-14,102.181,9.012056737588653,5.34886524822695,9.45,8.399858156028369
2022-12-15,94.034,9.730935251798561,5.59841726618705,9.45,8.8706654676259
2022-12-16,141.993,9.1,5.455652173913043,9.45,8.51475845410628
2022-12-17,142.647,9.461764705882354,5.670392156862745,9.45,8.878406862745098
2022-12-18,131.36,9.27103825136612,5.330273224043716,9.45,8.590915300546449
2022-12-19,86.269,10.765714285714287,6.603357142857143,9.45,10.288053571428572
2022-12-20,103.847,10.416560509554142,5.958407643312102,9.45,9.991847133757961
2022-12-21,128.851,9.43131868131868,5.475549450549451,9.45,9.138324175824176
2022-12-22,99.983,10.412751677852349,6.129731543624161,9.45,10.193808724832214
2022-12-23,92.544,10.13623188405797,6.411739130434782,9.45,9.831739130434782
2022-12-24,139.067,8.909782608695652,5.511793478260869,9.45,8.454728260869565
2022-12-25,160.777,9.589912280701755,5.986184210526315,9.45,9.254758771929824
2022-12-26,115.933,8.930864197530864,5.597530864197531,9.45,8.697577160493827
2022-12-27,102.06,8.826811594202898,5.566666666666667,9.45,8.59786231884058
2022-12-28,119.913,8.901818181818182,5.7303030303030305,9.45,8.785848484848485
2022-12-29,123.439,9.383040935672515,5.985730994152046,9.45,9.218216374269007
2022-12-30,131.883,8.36867469879518,5.235481927710843,9.45,8.17527108433735
2023-01-02,132.934,9.297340425531916,5.952659574468084,9.45,9.081356382978724
2023-01-03,86.599,9.0875,6.290083333333333,9.45,8.973208333333334
2023-01-04,88.495,8.122033898305084,5.656186440677966,9.45,8.043665254237288
2023-01-05,101.317,8.015671641791045,5.74044776119403,9.45,7.964664179104479
2023-01-06,115.083,8.119727891156462,5.640680272108844,9.45,8.058639455782314
2023-01-07,108.037,9.185906040268456,6.398523489932886,9.45,9.1273322147651
2023-01-08,115.9,9.218125,6.42175,9.45,9.209046875
2023-01-09,100.363,8.653030303030304,6.083712121212121,9.45,8.644318181818182
2023-01-10,100.017,8.745588235294118,6.055147058823529,9.45,8.744797794117646
2023-01-11,88.976,10.174193548387098,6.631290322580645,9.45,9.930322580645162
2023-01-12,87.742,10.325,7.024435483870968,9.45,10.12157258064516
2023-01-13,123.264,8.824050632911392,6.030822784810127,9.45,8.799778481012659
2023-01-16,144.546,10.975647668393783,6.682901554404145,9.45,10.849624352331606
2023-01-22,91.901,12.456451612903226,6.898790322580646,9.45,11.604737903225807
2023-01-23,146.538,11.756020942408377,6.499424083769634,9.45,10.90952879581152
2023-01-24,48.517,19.53053435114504,10.36412213740458,9.45,17.68473282442748
2023-01-28,163.237,10.849785407725323,6.76587982832618,9.45,10.817618025751074
2023-01-29,122.262,10.55813953488372,6.535,9.45,10.534098837209303
2023-01-30,113.826,10.706024096385542,6.658313253012048,9.45,10.690135542168674
2023-01-31,104.426,9.926206896551724,6.254551724137931,9.45,9.887793103448276
2023-02-01,92.321,10.043703703703704,6.574592592592592,9.45,10.035203703703704
2023-02-02,125.853,8.967647058823529,6.1487647058823525,9.45,8.950073529411766
2023-02-03,125.441,6.830921052631578,5.046513157894736,9.45,6.791069078947369
2023-02-04,126.55,6.321374045801527,4.064198473282443,9.45,6.277614503816794
2023-02-05,112.777,12.404102564102566,8.158820512820514,9.45,12.267833333333334
2023-02-06,79.476,11.272868217054263,7.711085271317829,9.45,11.237093023255815
2023-02-07,63.807,10.826213592233008,7.528252427184466,9.45,10.796990291262135
2023-02-08,75.372,9.258490566037736,6.486415094339623,9.45,9.230306603773585
2023-02-09,88.67,9.813076923076924,6.880615384615385,9.45,9.779211538461539
2023-02-10,103.7,10.380392156862746,7.091111111111111,9.45,10.35281045751634
2023-02-11,143.531,10.342180094786729,7.0521800947867295,9.45,10.310722748815166
2023-02-12,109.179,10.74,6.99339393939394,9.45,10.719
2023-02-13,103.147,10.182236842105263,6.782105263157894,9.45,10.090921052631579
2023-02-14,75.069,10.754098360655737,7.131475409836066,9.45,10.684385245901641
2023-02-15,72.325,11.098333333333333,7.20675,9.45,10.998520833333334
2023-02-16,74.701,10.464347826086957,6.953652173913043,9.45,10.298804347826087
2023-02-17,104.876,6.1027272727272734,3.353727272727273,9.45,5.288818181818182
2023-02-19,105.097,10.794011976047903,7.111317365269461,9.45,10.662634730538922
2023-02-20,64.776,9.513461538461538,6.405865384615385,9.45,9.317884615384616
2023-02-21,55.615,11.392783505154638,7.689896907216494,9.45,11.283376288659793
2023-02-22,74.474,9.305607476635515,6.214672897196262,9.45,9.153621495327103
2023-02-23,77.906,9.428947368421053,6.415087719298246,9.45,9.281447368421054
2023-02-24,83.785,10.867361111111112,7.330069444444444,9.45,10.740121527777779
2023-02-25,115.867,10.630687830687831,6.898359788359788,9.45,10.390873015873016
2023-02-26,92.628,8.556923076923077,5.403307692307692,9.45,8.252961538461538
2023-02-28,61.482,10.986138613861385,7.272574257425743,9.45,10.76569306930693
2023-03-01,73.717,9.04952380952381,5.970190476190476,9.45,8.805833333333332
2023-03-02,62.87,10.445544554455445,6.901089108910891,9.45,10.17148514851485
2023-03-03,90.386,9.614925373134328,6.263805970149254,9.45,9.362742537313434
2023-03-04,105.25,11.09655172413793,7.166436781609195,9.45,10.790977011494254
2023-03-05,84.307,11.056164383561644,7.161780821917809,9.45,10.75566780821918
2023-03-06,54.979,10.292045454545455,6.727045454545455,9.45,10.06125
2023-03-07,71.957,8.975961538461538,5.959615384615385,9.45,8.72889423076923
2023-03-08,65.41,11.681739130434783,7.526782608695653,9.45,11.416130434782609
2023-03-09,44.888,10.46,6.760933333333333,9.45,10.227533333333334
2023-03-10,71.433,10.220353982300885,6.84212389380531,9.45,9.955442477876105
2023-03-11,116.774,12.65132275132275,7.973068783068784,9.45,12.372949735449737
2023-03-12,109.272,10.844324324324324,8.161351351351351,9.45,10.48972972972973
2023-03-13,55.527,11.404901960784313,7.200588235294118,9.45,10.842598039215686
2023-03-14,46.835,10.606493506493507,6.812857142857143,9.45,10.359318181818182
2023-03-15,81.886,11.352671755725192,7.219007633587786,9.45,11.109637404580152
2023-03-16,89.875,10.419852941176472,6.820220588235294,9.45,10.29939338235294
2023-03-17,136.726,9.816243654822335,6.392182741116751,9.45,9.704073604060914
2023-03-18,147.687,11.114468085106383,6.962425531914894,9.45,10.894244680851063
2023-03-19,125.119,12.424056603773586,7.752169811320755,9.45,12.19808962264151
2023-03-20,74.011,13.183969465648856,8.34206106870229,9.45,13.005687022900764
2023-03-21,80.883,11.971223021582734,7.417194244604317,9.45,11.643453237410073
2023-03-22,89.191,10.963703703703704,6.986962962962963,9.45,10.864555555555556
2023-03-23,70.785,11.274107142857144,7.404285714285714,9.45,11.0990625
2023-03-24,105.586,11.027710843373494,7.43855421686747,9.45,11.019849397590361
2023-03-25,112.197,11.743548387096775,7.881397849462366,9.45,11.736451612903226
2023-03-26,120.223,11.21530612244898,7.292908163265307,9.45,11.08700255102041
2023-03-27,74.574,10.476106194690265,6.9967256637168145,9.45,10.418296460176993
2023-03-28,79.756,10.419672131147541,7.122459016393442,9.45,10.393954918032787
2023-03-29,86.112,10.30472440944882,6.83244094488189,9.45,10.279271653543308
2023-03-30,63.476,10.357731958762887,6.967113402061856,9.45,10.327319587628866
2023-03-31,104.745,10.331446540880503,7.043962264150943,9.45,10.322893081761007
2023-04-01,101.324,11.961627906976744,8.058372093023255,9.45,11.942151162790699
2023-04-02,109.447,10.731428571428571,7.289142857142856,9.45,10.703771428571429
