中间数据集/按品类的日粒度时序数据集/食用菌.csv
日期,销量(千克),销售单价(元/千克),批发价格(元/千克),损耗率_品类,成本加成定价
2023-04-03,93.459,10.190070921985816,7.013049645390071,9.45,10.173971631205676
2023-04-04,90.507,11.932894736842107,8.113881578947368,9.45,11.911792763157896
2023-04-05,115.412,10.665714285714285,7.190685714285715,9.45,10.647185714285715
2023-04-06,73.004,10.780172413793103,7.452413793103449,9.45,10.776939655172415
2023-04-07,88.025,10.497142857142858,7.416714285714285,9.45,10.46382142857143
2023-04-08,128.855,10.648223350253808,7.348426395939087,9.45,10.592347715736041
2023-04-09,83.908,10.444186046511627,7.375581395348838,9.45,10.436046511627907
2023-04-10,51.773,11.096250000000001,7.662375,9.45,11.09434375
2023-04-11,62.405,9.79318181818182,6.8715909090909095,9.45,9.79318181818182
2023-04-12,63.48,9.815053763440861,6.880860215053763,9.45,9.815053763440861
2023-04-13,51.532,10.80921052631579,7.482368421052631,9.45,10.800625000000002
2023-04-14,83.023,8.80420168067227,6.463865546218487,9.45,8.80420168067227
2023-04-15,106.142,10.232679738562092,7.034183006535947,9.45,10.2290522875817
2023-04-16,85.949,9.531896551724138,6.444310344827586,9.45,9.508836206896552
2023-04-17,39.144999999999996,10.973684210526315,7.127719298245614,9.45,10.80526315789474
2023-04-18,66.338,10.01578947368421,6.608210526315789,9.45,9.863921052631579
2023-04-19,58.407000000000004,10.068131868131868,7.0127472527472525,9.45,10.015467032967033
2023-04-20,55.919,10.76896551724138,7.575517241379311,9.45,10.768247126436783
2023-04-21,89.492,9.739097744360901,6.801353383458647,9.45,9.738157894736842
2023-04-22,158.36,9.762053571428572,6.5998214285714285,9.45,9.723147321428572
2023-04-23,81.715,8.809565217391304,5.811391304347826,9.45,8.809565217391304
2023-04-24,60.294,12.043478260869565,7.94695652173913,9.45,12.043260869565218
2023-04-25,68.882,8.394565217391305,5.8857608695652175,9.45,8.394565217391305
2023-04-26,45.674,7.938983050847458,5.298135593220339,9.45,7.9337288135593225
2023-04-27,62.808,9.11,6.382111111111111,9.45,9.106944444444444
2023-04-28,81.778,9.276923076923078,6.466495726495727,9.45,9.263440170940171
2023-04-29,127.524,6.980128205128206,4.845897435897436,9.45,6.980128205128206
2023-04-30,97.254,7.27983870967742,5.222741935483871,9.45,7.274475806451614
2023-05-01,83.717,7.586666666666667,5.277047619047619,9.45,7.57152380952381
2023-05-02,66.312,9.711538461538462,6.910288461538461,9.45,9.711346153846154
2023-05-03,72.027,9.58867924528302,6.531037735849056,9.45,9.582900943396227
2023-05-04,55.952,7.5114285714285725,5.241714285714286,9.45,7.4819642857142865
2023-05-05,63.126,8.21529411764706,5.832705882352941,9.45,8.21529411764706
2023-05-06,99.697,8.368461538461538,5.702692307692308,9.45,8.298634615384616
2023-05-07,115.423,7.87483870967742,5.257935483870968,9.45,7.848193548387097
2023-05-08,58.128,9.39047619047619,6.236071428571429,9.45,9.333511904761904
2023-05-09,49.033,10.085,6.596375,9.45,10.054875
2023-05-10,78.595,7.559183673469389,4.955204081632653,9.45,7.484234693877552
2023-05-11,42.217,10.663492063492065,6.624761904761905,9.45,10.409484126984127
2023-05-12,67.921,10.004166666666668,5.998645833333334,9.45,9.875338541666666
2023-05-13,95.606,10.597872340425532,6.377659574468085,9.45,10.409237588652482
2023-05-14,97.677,9.670503597122302,5.954028776978418,9.45,9.377392086330936
2023-05-15,61.585,10.132584269662923,6.131123595505618,9.45,9.7825
2023-05-16,57.535,8.258441558441557,5.08961038961039,9.45,7.94646103896104
2023-05-17,54.7,9.975324675324675,6.064805194805195,9.45,9.741396103896106
2023-05-18,49.756,9.9140625,5.9546875,9.45,9.645234375000001
2023-05-19,60.947,9.646153846153846,5.756282051282051,9.45,9.321153846153846
2023-05-20,82.754,9.655238095238095,5.80552380952381,9.45,9.361642857142856
2023-05-21,94.76,11.102205882352942,6.624779411764706,9.45,10.701746323529411
2023-05-22,70.154,9.821359223300972,6.072621359223301,9.45,9.48859223300971
2023-05-23,49.994,10.620833333333334,6.542777777777777,9.45,10.302256944444444
2023-05-24,47.818,10.341538461538462,6.406461538461539,9.45,10.092500000000001
2023-05-25,50.69,9.2859375,5.7684375,9.45,9.0022265625
2023-05-26,53.736,12.787837837837838,8.37554054054054,9.45,12.49260135135135
2023-05-27,91.754,9.894915254237288,6.011016949152542,9.45,9.587033898305085
2023-05-28,109.635,9.337410071942447,5.673812949640287,9.45,8.928507194244604
2023-05-29,53.849,8.875,5.429558823529412,9.45,8.543492647058823
2023-05-30,46.299,11.26818181818182,6.8957575757575755,9.45,10.976704545454545
2023-05-31,46.711,10.204761904761904,6.217460317460318,9.45,9.868730158730159
2023-06-01,44.867,9.842372881355933,5.941186440677965,9.45,9.466779661016949
2023-06-02,68.385,9.587777777777777,5.796888888888889,9.45,9.192472222222221
2023-06-03,94.541,10.21484375,6.41625,9.45,9.9042578125
2023-06-04,95.926,8.692436974789917,5.439579831932773,9.45,8.311659663865546
2023-06-05,49.192,10.257575757575758,6.420151515151516,9.45,9.903598484848485
2023-06-06,56.608,8.45,5.289285714285715,9.45,8.14157142857143
2023-06-07,44.446,10.876190476190477,6.713968253968254,9.45,10.60873015873016
2023-06-08,49.993,9.10625,5.66625,9.45,8.830703125
2023-06-09,55.465,7.036363636363636,4.817727272727273,9.45,7.0325378787878785
2023-06-10,98.844,7.870967741935484,5.571370967741935,9.45,7.860927419354839
2023-06-11,79.626,8.144444444444444,5.787979797979798,9.45,8.124646464646466
2023-06-12,36.153999999999996,10.49433962264151,7.567547169811321,9.45,10.468537735849056
2023-06-13,54.24,9.828947368421053,7.066184210526315,9.45,9.823782894736842
2023-06-14,43.778,9.914754098360655,7.087049180327869,9.45,9.895327868852458
2023-06-15,34.886,10.542857142857143,7.545102040816326,9.45,10.53484693877551
2023-06-16,58.503,8.262162162162161,5.910405405405405,9.45,8.251554054054054
2023-06-17,93.35,10.844615384615384,7.11476923076923,9.45,10.844615384615384
2023-06-18,72.039,12.636607142857143,8.268392857142857,9.45,12.636607142857143
2023-06-19,43.293,12.328358208955224,8.109552238805971,9.45,12.328358208955224
2023-06-20,39.223,10.532075471698114,7.0488679245283015,9.45,10.532075471698114
2023-06-21,63.364,7.915584415584416,5.30948051948052,9.45,7.915584415584416
2023-06-22,77.476,11.997368421052633,7.881842105263158,9.45,11.994078947368422
2023-06-23,55.417,9.787671232876713,6.335479452054795,9.45,9.664280821917808
2023-06-24,54.18,11.44125,7.570375,9.45,11.437875
2023-06-25,35.271,11.551923076923078,7.596153846153846,9.45,11.551923076923078
2023-06-26,39.582,11.135087719298246,7.294035087719298,9.45,11.080964912280702
2023-06-27,38.708,11.103508771929825,7.402807017543859,9.45,11.097543859649122
2023-06-28,53.742,9.529166666666667,6.268194444444444,9.45,9.521493055555556
2023-06-29,48.314,9.854545454545454,6.511515151515152,9.45,9.854545454545454
2023-06-30,39.572,13.986956521739131,9.240144927536232,9.45,13.986956521739131
2020-08-08,92.144,12.246396396396396,7.568018018018018,9.449999999999998,11.722916666666668
2020-08-24,39.576,14.332432432432434,8.816936936936937,9.449999999999998,13.718423423423424
2020-10-22,94.688,11.748648648648647,8.132612612612613,9.449999999999998,11.677488738738738
2020-10-25,104.16,11.237444933920706,6.702114537444934,9.449999999999998,10.941321585903083
2020-11-25,95.581,11.445495495495496,7.4888288288288285,9.449999999999998,11.427837837837838
2020-12-15,99.764,12.800460829493087,9.06294930875576,9.449999999999998,12.78634792626728
2021-01-06,81.462,11.782488479262673,8.485437788018432,9.449999999999998,11.767004608294931
2021-02-05,95.222,14.894930875576039,9.837142857142858,9.449999999999998,14.817096774193548
2021-03-09,143.511,6.971889400921659,4.883225806451613,9.449999999999998,6.895875576036867
2021-05-02,47.435,13.36936936936937,8.754504504504505,9.449999999999998,13.140045045045046
2021-08-16,41.091,16.417117117117115,9.863423423423423,9.449999999999998,15.708063063063063
2022-10-18,156.31,8.903964757709252,6.1264757709251105,9.449999999999998,8.784063876651983
2023-01-01,159.047,9.313963963963964,5.981171171171171,9.449999999999998,9.17632882882883
2023-02-18,134.317,11.33963963963964,7.386756756756757,9.449999999999998,11.14938063063063
2023-02-27,65.006,10.699099099099099,7.126576576576576,9.449999999999998,10.4915990990991
